<html>
<body>
<pre>
<h1>µVision Build Log</h1>
<h2>Tool Versions:</h2>
IDE-Version: ¦ÌVision V5.14.0.0
Copyright (C) 2015 ARM Ltd and ARM Germany GmbH. All rights reserved.
License Information: cj Microsoft, Microsoft, LIC=TA374-FIQEH-EZCWX-H8FU0-JYCSA-NXVDK
 
Tool Versions:
Toolchain:       MDK-ARM Professional  Version: 5.14.0.0
Toolchain Path:  d:\Keil_v5\ARM\ARMCC\Bin
C Compiler:      Armcc.exe V5.05 update 1 (build 106)
Assembler:       Armasm.exe V5.05 update 1 (build 106)
Linker/Locator:  ArmLink.exe V5.05 update 1 (build 106)
Library Manager: ArmAr.exe V5.05 update 1 (build 106)
Hex Converter:   FromElf.exe V5.05 update 1 (build 106)
CPU DLL:         SARMCM3.DLL V5.14.0.0
Dialog DLL:      DCM.DLL V1.13.1.0
Target DLL:      Segger\JL2CM3.dll V2.99.13.0
Dialog DLL:      TCM.DLL V1.14.4.0
 
<h2>Project:</h2>
E:\happy\RotateLED\Projects\tbox.uvprojx
Project File Date:  06/28/2018

<h2>Output:</h2>
Build target 'TBOX'
compiling msg_parser.c...
..\APP\msgParser\msg_parser.c(9): warning:  #550-D: variable "dataLen" was set but never used
        u8 dataLen;
..\APP\msgParser\msg_parser.c(10): warning:  #177-D: variable "p" was declared but never referenced
        void *p;
..\APP\msgParser\msg_parser.c: 2 warnings, 0 errors
linking...
Program Size: Code=3752 RO-data=288 RW-data=88 ZI-data=2272  
".\Objects\tbox.axf" - 0 Error(s), 2 Warning(s).

<h2>Collection of Component include folders:</h2>
  E:\happy\RotateLED\Projects\RTE
  d:\Keil_v5\ARM\PACK\Keil\STM32F1xx_DFP\1.0.5\Device\Include

<h2>Collection of Component Files used:</h2>
</pre>
</body>
</html>
